---
source: tui/src/chatwidget/tests.rs
assertion_line: 1087
expression: combined
---
nova
Here is the result.
